\BOOKMARK [1][-]{section.1}{\376\377\000I\000n\000t\000r\000o\000d\000u\000c\000t\000i\000o\000n}{}% 1
\BOOKMARK [1][-]{section.2}{\376\377\000M\000e\000t\000h\000o\000d\000s}{}% 2
\BOOKMARK [2][-]{subsection.2.1}{\376\377\000D\000a\000t\000a\000s\000e\000t\000\040\000a\000n\000d\000\040\000t\000h\000e\000\040\000c\000o\000r\000r\000e\000c\000t\000e\000d\000\040\000e\000p\000o\000c\000h\000\040\000d\000e\000f\000i\000n\000i\000t\000i\000o\000n}{section.2}% 3
\BOOKMARK [2][-]{subsection.2.2}{\376\377\000C\000a\000l\000i\000b\000r\000a\000t\000i\000o\000n\000\040\000m\000e\000c\000h\000a\000n\000i\000s\000m}{section.2}% 4
\BOOKMARK [2][-]{subsection.2.3}{\376\377\000P\000r\000e\000-\000r\000e\000g\000i\000s\000t\000r\000a\000t\000i\000o\000n\000\040\000d\000i\000s\000c\000i\000p\000l\000i\000n\000e}{section.2}% 5
\BOOKMARK [1][-]{section.3}{\376\377\000R\000e\000s\000u\000l\000t\000s}{}% 6
\BOOKMARK [2][-]{subsection.3.1}{\376\377\000T\000h\000e\000\040\000o\000r\000i\000g\000i\000n\000a\000l\000\040\000h\000e\000a\000d\000l\000i\000n\000e}{section.3}% 7
\BOOKMARK [2][-]{subsection.3.2}{\376\377\000I\000n\000v\000a\000l\000i\000d\000a\000t\000i\000o\000n}{section.3}% 8
\BOOKMARK [2][-]{subsection.3.3}{\376\377\000C\000o\000m\000p\000o\000s\000i\000t\000i\000o\000n\000\040\000d\000i\000a\000g\000n\000o\000s\000i\000s\000\040\000\050\000R\0001\000\050\000a\000\051\000\051}{section.3}% 9
\BOOKMARK [2][-]{subsection.3.4}{\376\377\000J\000o\000i\000n\000t\000-\000c\000r\000i\000t\000e\000r\000i\000o\000n\000\040\000c\000o\000n\000f\000i\000r\000m\000a\000t\000i\000o\000n\000\040\000\050\000R\0001\000\050\000b\000\051\000\051}{section.3}% 10
\BOOKMARK [2][-]{subsection.3.5}{\376\377\000T\000h\000e\000\040\000c\000o\000r\000r\000e\000c\000t\000e\000d\000\040\000c\000o\000n\000t\000r\000a\000s\000t\000\040\000\050\000R\0002\000\051}{section.3}% 11
\BOOKMARK [2][-]{subsection.3.6}{\376\377\000V\000a\000l\000i\000d\000a\000t\000i\000o\000n\000\040\000c\000o\000n\000t\000r\000o\000l\000s}{section.3}% 12
\BOOKMARK [3][-]{subsubsection.3.6.1}{\376\377\000C\0001\000:\000\040\000S\000h\000u\000f\000f\000l\000e\000d\000-\000l\000a\000b\000e\000l\000\040\000n\000u\000l\000l\000\040\000o\000n\000\040\000t\000h\000e\000\040\000e\000x\000a\000c\000t\000\040\000R\0002\000\040\000d\000a\000t\000a\000s\000e\000t}{subsection.3.6}% 13
\BOOKMARK [3][-]{subsubsection.3.6.2}{\376\377\000C\0003\000:\000\040\000L\000e\000a\000v\000e\000-\000o\000n\000e\000-\000s\000u\000b\000j\000e\000c\000t\000-\000o\000u\000t\000\040\000j\000a\000c\000k\000k\000n\000i\000f\000e}{subsection.3.6}% 14
\BOOKMARK [3][-]{subsubsection.3.6.3}{\376\377\000C\0004\000:\000\040\000H\000i\000g\000h\000e\000r\000-\000r\000e\000s\000o\000l\000u\000t\000i\000o\000n\000\040\000s\000h\000u\000f\000f\000l\000e\000d\000-\000l\000a\000b\000e\000l\000\040\000n\000u\000l\000l}{subsection.3.6}% 15
\BOOKMARK [3][-]{subsubsection.3.6.4}{\376\377\000D\0002\000:\000\040\000P\000a\000r\000i\000t\000y\000-\000s\000p\000l\000i\000t\000\040\000r\000e\000p\000l\000i\000c\000a\000t\000i\000o\000n}{subsection.3.6}% 16
\BOOKMARK [1][-]{section.4}{\376\377\000A\000\040\000R\000e\000u\000s\000a\000b\000l\000e\000\040\000D\000i\000a\000g\000n\000o\000s\000t\000i\000c\000\040\000P\000r\000o\000t\000o\000c\000o\000l}{}% 17
\BOOKMARK [1][-]{section.5}{\376\377\000L\000i\000m\000i\000t\000a\000t\000i\000o\000n\000s}{}% 18
\BOOKMARK [1][-]{section.6}{\376\377\000D\000i\000s\000c\000u\000s\000s\000i\000o\000n}{}% 19
\BOOKMARK [1][-]{section.7}{\376\377\000C\000o\000n\000c\000l\000u\000s\000i\000o\000n}{}% 20
\BOOKMARK [1][-]{section.8}{\376\377\000D\000a\000t\000a\000\040\000a\000n\000d\000\040\000C\000o\000d\000e\000\040\000A\000v\000a\000i\000l\000a\000b\000i\000l\000i\000t\000y}{}% 21
\BOOKMARK [1][-]{section*.1}{\376\377\000R\000e\000f\000e\000r\000e\000n\000c\000e\000s}{}% 22
